// Vitest Snapshot v1, https://vitest.dev/guide/snapshot.html

exports[`renders with no pets 1`] = `
<DocumentFragment>
  <div
    class="search"
  >
    <h2>
      Pets not found!
    </h2>
  </div>
</DocumentFragment>
`;

exports[`renders with pets 1`] = `
<DocumentFragment>
  <div
    class="search"
  >
    <a
      class="pet"
      href="/details/1"
    >
      <div
        class="image-container"
      >
        <img
          alt="Luna"
          data-testid="thumbnail"
          src="http://pets-images.dev-apis.com/pets/dog25.jpg"
        />
      </div>
      <div
        class="info"
      >
        <h2>
          Luna
        </h2>
        <h3>
          dog - Havanese - Seattle, WA
        </h3>
      </div>
    </a>
    <a
      class="pet"
      href="/details/2"
    >
      <div
        class="image-container"
      >
        <img
          alt="Charisse"
          data-testid="thumbnail"
          src="http://pets-images.dev-apis.com/pets/rabbit0.jpg"
        />
      </div>
      <div
        class="info"
      >
        <h2>
          Charisse
        </h2>
        <h3>
          rabbit - Havanese - Lexington, KY
        </h3>
      </div>
    </a>
    <a
      class="pet"
      href="/details/3"
    >
      <div
        class="image-container"
      >
        <img
          alt="Maitilde"
          data-testid="thumbnail"
          src="http://pets-images.dev-apis.com/pets/rabbit1.jpg"
        />
      </div>
      <div
        class="info"
      >
        <h2>
          Maitilde
        </h2>
        <h3>
          rabbit - Lab - Dallas, TX
        </h3>
      </div>
    </a>
    <a
      class="pet"
      href="/details/4"
    >
      <div
        class="image-container"
      >
        <img
          alt="Natalina"
          data-testid="thumbnail"
          src="http://pets-images.dev-apis.com/pets/rabbit2.jpg"
        />
      </div>
      <div
        class="info"
      >
        <h2>
          Natalina
        </h2>
        <h3>
          rabbit - Lab - Tampa, FL
        </h3>
      </div>
    </a>
    <a
      class="pet"
      href="/details/5"
    >
      <div
        class="image-container"
      >
        <img
          alt="Michail"
          data-testid="thumbnail"
          src="http://pets-images.dev-apis.com/pets/reptile1.jpg"
        />
      </div>
      <div
        class="info"
      >
        <h2>
          Michail
        </h2>
        <h3>
          reptile - Havanese - Tuscaloosa, AL
        </h3>
      </div>
    </a>
    <a
      class="pet"
      href="/details/6"
    >
      <div
        class="image-container"
      >
        <img
          alt="Gizela"
          data-testid="thumbnail"
          src="http://pets-images.dev-apis.com/pets/bird2.jpg"
        />
      </div>
      <div
        class="info"
      >
        <h2>
          Gizela
        </h2>
        <h3>
          bird - Havanese - Carol Stream, IL
        </h3>
      </div>
    </a>
    <a
      class="pet"
      href="/details/7"
    >
      <div
        class="image-container"
      >
        <img
          alt="Laughton"
          data-testid="thumbnail"
          src="http://pets-images.dev-apis.com/pets/reptile2.jpg"
        />
      </div>
      <div
        class="info"
      >
        <h2>
          Laughton
        </h2>
        <h3>
          reptile - Havanese - Bridgeport, CT
        </h3>
      </div>
    </a>
    <a
      class="pet"
      href="/details/8"
    >
      <div
        class="image-container"
      >
        <img
          alt="Si"
          data-testid="thumbnail"
          src="http://pets-images.dev-apis.com/pets/dog0.jpg"
        />
      </div>
      <div
        class="info"
      >
        <h2>
          Si
        </h2>
        <h3>
          dog - Lab - Charlotte, NC
        </h3>
      </div>
    </a>
    <a
      class="pet"
      href="/details/9"
    >
      <div
        class="image-container"
      >
        <img
          alt="Lyda"
          data-testid="thumbnail"
          src="http://pets-images.dev-apis.com/pets/rabbit3.jpg"
        />
      </div>
      <div
        class="info"
      >
        <h2>
          Lyda
        </h2>
        <h3>
          rabbit - Lab - Springfield, IL
        </h3>
      </div>
    </a>
    <a
      class="pet"
      href="/details/10"
    >
      <div
        class="image-container"
      >
        <img
          alt="Jackquelin"
          data-testid="thumbnail"
          src="http://pets-images.dev-apis.com/pets/dog1.jpg"
        />
      </div>
      <div
        class="info"
      >
        <h2>
          Jackquelin
        </h2>
        <h3>
          dog - Lab - Tucson, AZ
        </h3>
      </div>
    </a>
  </div>
</DocumentFragment>
`;
